============================= test session starts =============================
platform win32 -- Python 3.13.9, pytest-9.0.2, pluggy-1.6.0 -- C:\Users\mirtg\AppData\Local\Microsoft\WindowsApps\PythonSoftwareFoundation.Python.3.13_qbz5n2kfra8p0\python.exe
cachedir: .pytest_cache
rootdir: C:\Users\mirtg\OneDrive\Escritorio\Cristobalini\code related\MoA homeostatico GDL
configfile: pyproject.toml
testpaths: tests
collecting ... collected 54 items / 4 errors

=================================== ERRORS ====================================
_________________ ERROR collecting tests/test_graph_utils.py __________________
ImportError while importing test module 'C:\Users\mirtg\OneDrive\Escritorio\Cristobalini\code related\MoA homeostatico GDL\tests\test_graph_utils.py'.
Hint: make sure your test modules/packages have valid Python names.
Traceback:
C:\Program Files\WindowsApps\PythonSoftwareFoundation.Python.3.13_3.13.2544.0_x64__qbz5n2kfra8p0\Lib\importlib\__init__.py:88: in import_module
    return _bootstrap._gcd_import(name[level:], package, level)
           ^^^^^^^^^^^^^^^^^^^^^^^^^^^^^^^^^^^^^^^^^^^^^^^^^^^^
tests\test_graph_utils.py:6: in <module>
    import networkx as nx
E   ModuleNotFoundError: No module named 'networkx'
____________________ ERROR collecting tests/test_phase1.py ____________________
ImportError while importing test module 'C:\Users\mirtg\OneDrive\Escritorio\Cristobalini\code related\MoA homeostatico GDL\tests\test_phase1.py'.
Hint: make sure your test modules/packages have valid Python names.
Traceback:
C:\Program Files\WindowsApps\PythonSoftwareFoundation.Python.3.13_3.13.2544.0_x64__qbz5n2kfra8p0\Lib\importlib\__init__.py:88: in import_module
    return _bootstrap._gcd_import(name[level:], package, level)
           ^^^^^^^^^^^^^^^^^^^^^^^^^^^^^^^^^^^^^^^^^^^^^^^^^^^^
tests\test_phase1.py:6: in <module>
    import networkx as nx
E   ModuleNotFoundError: No module named 'networkx'
____________________ ERROR collecting tests/test_phase2.py ____________________
ImportError while importing test module 'C:\Users\mirtg\OneDrive\Escritorio\Cristobalini\code related\MoA homeostatico GDL\tests\test_phase2.py'.
Hint: make sure your test modules/packages have valid Python names.
Traceback:
C:\Program Files\WindowsApps\PythonSoftwareFoundation.Python.3.13_3.13.2544.0_x64__qbz5n2kfra8p0\Lib\importlib\__init__.py:88: in import_module
    return _bootstrap._gcd_import(name[level:], package, level)
           ^^^^^^^^^^^^^^^^^^^^^^^^^^^^^^^^^^^^^^^^^^^^^^^^^^^^
tests\test_phase2.py:6: in <module>
    import networkx as nx
E   ModuleNotFoundError: No module named 'networkx'
__________________ ERROR collecting tests/test_rsa_engine.py __________________
ImportError while importing test module 'C:\Users\mirtg\OneDrive\Escritorio\Cristobalini\code related\MoA homeostatico GDL\tests\test_rsa_engine.py'.
Hint: make sure your test modules/packages have valid Python names.
Traceback:
C:\Program Files\WindowsApps\PythonSoftwareFoundation.Python.3.13_3.13.2544.0_x64__qbz5n2kfra8p0\Lib\importlib\__init__.py:88: in import_module
    return _bootstrap._gcd_import(name[level:], package, level)
           ^^^^^^^^^^^^^^^^^^^^^^^^^^^^^^^^^^^^^^^^^^^^^^^^^^^^
tests\test_rsa_engine.py:7: in <module>
    import networkx as nx
E   ModuleNotFoundError: No module named 'networkx'
=========================== short test summary info ===========================
ERROR tests/test_graph_utils.py
ERROR tests/test_phase1.py
ERROR tests/test_phase2.py
ERROR tests/test_rsa_engine.py
!!!!!!!!!!!!!!!!!!! Interrupted: 4 errors during collection !!!!!!!!!!!!!!!!!!!
============================== 4 errors in 0.96s ==============================
